// Jest Snapshot v1, https://goo.gl/fbAQLP

exports[`Matches the snapshot 1`] = `<div />`;

exports[`Matches the snapshot face 1`] = `
<a
  href="https://www.facebook.com/"
>
  Facebook
</a>
`;
